
Allocating common symbols
Common symbol       size              file

bssVar              0x4               ./src/ch10/main-ex3.o

Discarded input sections

 .group         0x0000000000000000        0x8 ./src/ch10/main-ex3.o

Memory Configuration

Name             Origin             Length             Attributes
FLASH            0x0000000008000000 0x0000000000080000 xr
SRAM             0x0000000020000000 0x0000000000002000 xrw
*default*        0x0000000000000000 0xffffffffffffffff

Linker script and memory map

LOAD ./src/ch10/main-ex3.o
LOAD /Users/cnoviello/STM32Toolchain/gcc-arm-none-eabi-4_9-2015q2/bin/../lib/gcc/arm-none-eabi/4.9.3/../../../../arm-none-eabi/lib/armv6-m/libstdc++_nano.a
LOAD /Users/cnoviello/STM32Toolchain/gcc-arm-none-eabi-4_9-2015q2/bin/../lib/gcc/arm-none-eabi/4.9.3/../../../../arm-none-eabi/lib/armv6-m/libm.a
START GROUP
LOAD /Users/cnoviello/STM32Toolchain/gcc-arm-none-eabi-4_9-2015q2/bin/../lib/gcc/arm-none-eabi/4.9.3/armv6-m/libgcc.a
LOAD /Users/cnoviello/STM32Toolchain/gcc-arm-none-eabi-4_9-2015q2/bin/../lib/gcc/arm-none-eabi/4.9.3/../../../../arm-none-eabi/lib/armv6-m/libg_nano.a
LOAD /Users/cnoviello/STM32Toolchain/gcc-arm-none-eabi-4_9-2015q2/bin/../lib/gcc/arm-none-eabi/4.9.3/../../../../arm-none-eabi/lib/armv6-m/libc_nano.a
END GROUP
START GROUP
LOAD /Users/cnoviello/STM32Toolchain/gcc-arm-none-eabi-4_9-2015q2/bin/../lib/gcc/arm-none-eabi/4.9.3/armv6-m/libgcc.a
LOAD /Users/cnoviello/STM32Toolchain/gcc-arm-none-eabi-4_9-2015q2/bin/../lib/gcc/arm-none-eabi/4.9.3/../../../../arm-none-eabi/lib/armv6-m/libc_nano.a
END GROUP

.text           0x0000000008000000       0xe4
 *(.isr_vector)
 .isr_vector    0x0000000008000000        0x8 ./src/ch10/main-ex3.o
                0x0000000008000000                vector_table
 *(.text .text*)
 .text          0x0000000008000008        0x0 ./src/ch10/main-ex3.o
 .text._start   0x0000000008000008       0x6c ./src/ch10/main-ex3.o
                0x0000000008000008                _start
 .text.main     0x0000000008000074       0x54 ./src/ch10/main-ex3.o
                0x0000000008000074                main
 .text.delay    0x00000000080000c8       0x1c ./src/ch10/main-ex3.o
                0x00000000080000c8                delay
 *(.isr_vector)
                0x00000000080000e4                _sidata = LOADADDR (.data)

.glue_7         0x00000000080000e4        0x0
 .glue_7        0x0000000000000000        0x0 linker stubs

.glue_7t        0x00000000080000e4        0x0
 .glue_7t       0x0000000000000000        0x0 linker stubs

.vfp11_veneer   0x00000000080000e4        0x0
 .vfp11_veneer  0x0000000000000000        0x0 linker stubs

.v4_bx          0x00000000080000e4        0x0
 .v4_bx         0x0000000000000000        0x0 linker stubs

.iplt           0x00000000080000e4        0x0
 .iplt          0x0000000000000000        0x0 ./src/ch10/main-ex3.o

.rel.dyn        0x00000000080000e4        0x0
 .rel.iplt      0x0000000000000000        0x0 ./src/ch10/main-ex3.o

.data           0x0000000020000000        0x4 load address 0x00000000080000e4
                0x0000000020000000                _sdata = .
 *(.data)
 .data          0x0000000020000000        0x0 ./src/ch10/main-ex3.o
 *(.data*)
 .data.dataVar  0x0000000020000000        0x4 ./src/ch10/main-ex3.o
                0x0000000020000000                dataVar
                0x0000000020000004                . = ALIGN (0x4)
                0x0000000020000004                _edata = .

.igot.plt       0x0000000020000004        0x0 load address 0x00000000080000e8
 .igot.plt      0x0000000000000000        0x0 ./src/ch10/main-ex3.o

.bss            0x0000000020000004        0x4 load address 0x00000000080000e8
                0x0000000020000004                _sbss = .
 *(.bss)
 .bss           0x0000000020000004        0x0 ./src/ch10/main-ex3.o
 *(.bss*)
 *(COMMON)
 COMMON         0x0000000020000004        0x4 ./src/ch10/main-ex3.o
                0x0000000020000004                bssVar
                0x0000000020000008                . = ALIGN (0x4)
                0x0000000020000008                _ebss = .
OUTPUT(nucleo-l053R8.elf elf32-littlearm)

.debug_info     0x0000000000000000      0x1f1
 .debug_info    0x0000000000000000      0x1f1 ./src/ch10/main-ex3.o

.debug_abbrev   0x0000000000000000      0x143
 .debug_abbrev  0x0000000000000000      0x143 ./src/ch10/main-ex3.o

.debug_aranges  0x0000000000000000       0x30
 .debug_aranges
                0x0000000000000000       0x30 ./src/ch10/main-ex3.o

.debug_ranges   0x0000000000000000       0x20
 .debug_ranges  0x0000000000000000       0x20 ./src/ch10/main-ex3.o

.debug_macro    0x0000000000000000      0x897
 .debug_macro   0x0000000000000000       0x53 ./src/ch10/main-ex3.o
 .debug_macro   0x0000000000000053      0x844 ./src/ch10/main-ex3.o

.debug_line     0x0000000000000000       0x8b
 .debug_line    0x0000000000000000       0x8b ./src/ch10/main-ex3.o

.debug_str      0x0000000000000000     0x25c3
 .debug_str     0x0000000000000000     0x25c3 ./src/ch10/main-ex3.o
                                       0x25dd (size before relaxing)

.comment        0x0000000000000000       0x70
 .comment       0x0000000000000000       0x70 ./src/ch10/main-ex3.o
                                         0x71 (size before relaxing)

.ARM.attributes
                0x0000000000000000       0x32
 .ARM.attributes
                0x0000000000000000       0x32 ./src/ch10/main-ex3.o

.debug_frame    0x0000000000000000       0x6c
 .debug_frame   0x0000000000000000       0x6c ./src/ch10/main-ex3.o
